================================================================================
 metR DOCX DocMigrate — PRE-FLIGHT REPORT
================================================================================
 Total DOCX Files      : 1
 Started               : 2026-08-11 08:57:41 UTC
 Completed             : 2026-08-11 08:57:41 UTC
 Duration              : 0s
 Overall Status        : SUCCESS
--------------------------------------------------------------------------------

[2026-08-11T08:57:41.657241+00:00] PreflightService class is running.
[2026-08-11T08:57:41.657397+00:00] preflight_started working.
[2026-08-11T08:57:41.682900+00:00] PreflightService Reading uploaded file 'INS-02-020.docx' in 1 MB chunks (max allowed: 2000 MB).
[2026-08-11T08:57:41.683697+00:00] PreflightService File read complete - 0.03 MB. Saved.
[2026-08-11T08:57:41.683774+00:00] PreflightService File saved successfully.
[2026-08-11T08:57:41.683815+00:00] file_saved 'INS-02-020.docx' uploaded and saved (0.03 MB).
[2026-08-11T08:57:41.744977+00:00] PreflightService Validating document structure for 'INS-02-020.docx'.
[2026-08-11T08:57:41.745158+00:00] validating_structure Validating document heading structure for 'INS-02-020.docx'.
[2026-08-11T08:57:41.782241+00:00] check_docx_starts_with_heading Validating document structure.
[2026-08-11T08:57:41.782739+00:00] check_docx_starts_with_heading Reading 'word/document.xml' for heading validation.
[2026-08-11T08:57:41.783211+00:00] check_docx_starts_with_heading Parsing 'word/document.xml' XML.
[2026-08-11T08:57:41.784164+00:00] check_docx_starts_with_heading Scanning 76 paragraph(s) for a valid first heading style.
[2026-08-11T08:57:41.784269+00:00] check_docx_starts_with_heading First styled paragraph uses 'title' — document structure is valid.
[2026-08-11T08:57:41.831786+00:00] PreflightService class completed successfully.
[2026-08-11T08:57:41.831891+00:00] preflight_completed File 'INS-02-020.docx' validated successfully and is ready for conversion.

 [GUI] Success: Pre-flight analysis completed successfully.
================================================================================
