================================================================================
 metR DocMigrate — POST-FLIGHT VALIDATION REPORT
================================================================================
 Total Files Validated : 13
 Violations (pre-XSLT) : 21 errors, 2 warnings
 Violations (post-XSLT): 0 errors, 0 warnings
 Started               : 2026-08-11 08:57:42 UTC
 Completed             : 2026-08-11 08:58:12 UTC
 Duration              : 30s
 Overall Status        : SUCCESS
--------------------------------------------------------------------------------

[2026-08-11T08:57:42.456383+00:00] postflight_started working.
[2026-08-11T08:57:42.477749+00:00] DitaPostProcessor Post-processing all generated DITA files.
[2026-08-11T08:57:42.477846+00:00] step_post_process_started Step 6/7: Post-processing DITA files (image paths, cross-references, DTD headers).
[2026-08-11T08:57:42.507770+00:00] post_process_files_started Post-processing 7 DITA file(s) and 6 DITAMAP file(s).
[2026-08-11T08:57:42.564268+00:00] DitaPostProcessor Starting EMF->image conversion.
[2026-08-11T08:57:42.565053+00:00] DitaPostProcessor No EMF files converted (none found or all failed).
[2026-08-11T08:57:42.573480+00:00] post_process_files_complete Post-processing complete: image paths, cross-references, and DTD headers applied to 7 file(s).
[2026-08-11T08:57:42.602992+00:00] DitaPostProcessor Post-processing complete.
[2026-08-11T08:57:42.603130+00:00] step_post_process_complete Post-processing complete.
[2026-08-11T08:57:42.631270+00:00] PipelineOrchestrator Running concept reclassification pass on topic files.
[2026-08-11T08:57:42.631550+00:00] PipelineOrchestrator Concept reclassification complete — no files required updating.
[2026-08-11T08:57:42.631647+00:00] HyperlinkResolver Resolving internal hyperlinks.
[2026-08-11T08:57:42.631831+00:00] step_hyperlinks_started Step 6.5/7: Resolving internal hyperlinks.
[2026-08-11T08:57:42.665369+00:00] HyperlinkResolver Resolving internal hyperlinks in 7 DITA file(s).
[2026-08-11T08:57:42.668250+00:00] HyperlinkResolver Hyperlink resolution complete -- no anchor xrefs required updating.
[2026-08-11T08:57:42.668414+00:00] HyperlinkResolver Hyperlink resolution complete.
[2026-08-11T08:57:42.668525+00:00] step_hyperlinks_complete Hyperlink resolution complete.
[2026-08-11T08:57:42.712969+00:00] PipelineOrchestrator Running DTD compliance validation on all output files.
[2026-08-11T08:57:42.713103+00:00] step_validation_started Step 7/7: Running DTD compliance validation on all output files.
[2026-08-11T08:58:12.322008+00:00] postflight_completed successfully.

================================================================================
 INITIAL VALIDATION SUMMARY
================================================================================
  Total files : 13
  Passed      : 13
  Failed      : 0
----------------------------------------
  Total Dita Files generated         : 7
  Total Headings counted             : 5
  Total subheadings under Heading (per heading name):
    - Approval                                          : 1 file(s)
    - Procedure                                         : 1 file(s)
    - Purpose                                           : 1 file(s)
    - Reference                                         : 2 file(s)
    - Revision History                                  : 1 file(s)
  Total Ditamap Files generated      : 6
  Root Ditamap                       : approval_map.ditamap
  Total images counted               : 0
========================================================================
[GUI] Validating generated DITA maps and topics.

================================================================================
POST FLIGHT SUMMARY
------------------------------------------------------------------------
  Total Files Validated   : 13
  Files Fully Valid       : 13
  Files With Errors       : 0
  Total Errors            : 0
  Total Warnings          : 0

========================================================================

[GUI] Generating validation report.


SUPPORTING REPORTS (postflight folder)
--------------------------------------------------------------------------------
 File                            Contents
--------------------------------------------------------------------------------
 schematron.csv                  Full pre-XSLT validation results — every
                                 violation found before the correction pass, one
                                 row per issue.
 xslt.csv                        XSLT correction pass log — every stylesheet
                                 applied per file, execution time, and pass/fail
                                 status.
 post_xslt_schematron.csv        Full validation results after correction —
                                 every violation still remaining, one row per
                                 issue.
--------------------------------------------------------------------------------

[GUI] Preparing content for AI enrichment.

================================================================================
 [GUI] Success: Post-flight validation completed successfully.
================================================================================
