
[2026-07-14 04:24:16 UTC]
  ======================================================================
  PRE-FLIGHT ANALYSIS
  ======================================================================
  Job ID               : 1fb48b8d-474a-4261-9aac-baa888ee0b2a
  Source file          : airpods-pro-3-info.pdf
  
  Progress: Validating source files and document structure...

[2026-07-14 04:24:18 UTC]
  Progress: Checking styles, headings, tables, and content consistency...

[2026-07-14 04:24:18 UTC]
  Progress: Generating pre-flight analysis report...

[2026-07-14 04:24:18 UTC]
  Progress: Preparing files for transformation...
  
  ======================================================================
  PRE-FLIGHT RESULTS
  ======================================================================
  Result               : ✓ PASSED
  Total pages          : 12
  Pages with text      : 10
  Pages without text   : 10, 11
  Total chars          : 14,901
  Status               : Digital PDF detected
  
  SUCCESS: Pre-flight analysis completed successfully.
